18:36:58 **** Incremental Build of configuration Debug for project Week1_Exercises ****
make -j4 all 
arm-none-eabi-gcc "../Core/Src/main.c" -mcpu=cortex-m3 -std=gnu11 -g3 -DDEBUG -DUSE_HAL_DRIVER -DSTM32F103x6 -c -I../Core/Inc -I../Drivers/STM32F1xx_HAL_Driver/Inc -I../Drivers/STM32F1xx_HAL_Driver/Inc/Legacy -I../Drivers/CMSIS/Device/ST/STM32F1xx/Include -I../Drivers/CMSIS/Include -O0 -ffunction-sections -fdata-sections -Wall -fstack-usage -MMD -MP -MF"Core/Src/main.d" -MT"Core/Src/main.o" --specs=nano.specs -mfloat-abi=soft -mthumb -o "Core/Src/main.o"
arm-none-eabi-gcc -o "Week1_Exercises.elf" @"objects.list"   -mcpu=cortex-m3 -T"C:\ST\Microcontroller-Microprocessor-Lab\Week1\Week1_Exercises\STM32F103C6TX_FLASH.ld" --specs=nosys.specs -Wl,-Map="Week1_Exercises.map" -Wl,--gc-sections -static --specs=nano.specs -mfloat-abi=soft -mthumb -Wl,--start-group -lc -lm -Wl,--end-group
Finished building target: Week1_Exercises.elf
 
arm-none-eabi-size   Week1_Exercises.elf 
arm-none-eabi-objdump -h -S  Week1_Exercises.elf  > "Week1_Exercises.list"
arm-none-eabi-objcopy  -O ihex  Week1_Exercises.elf  "Week1_Exercises.hex"
arm-none-eabi-objcopy  -O binary  Week1_Exercises.elf  "Week1_Exercises.bin"
   text	   data	    bss	    dec	    hex	filename
   4452	     20	   1572	   6044	   179c	Week1_Exercises.elf
Finished building: default.size.stdout
Finished building: Week1_Exercises.bin
 
Finished building: Week1_Exercises.list
Finished building: Week1_Exercises.hex
 
 
 
