15:53:25 **** Incremental Build of configuration Debug for project Week1_Exercises ****
make -j4 all 
arm-none-eabi-gcc -o "Week1_Exercises.elf" @"objects.list"   -mcpu=cortex-m3 -T"C:\ST\Microcontroller-Microprocessor-Lab\Week1\Week1_Exercises\STM32F103C6TX_FLASH.ld" --specs=nosys.specs -Wl,-Map="Week1_Exercises.map" -Wl,--gc-sections -static --specs=nano.specs -mfloat-abi=soft -mthumb -Wl,--start-group -lc -lm -Wl,--end-group
Finished building target: Week1_Exercises.elf
 
arm-none-eabi-size   Week1_Exercises.elf 
arm-none-eabi-objdump -h -S  Week1_Exercises.elf  > "Week1_Exercises.list"
arm-none-eabi-objcopy  -O ihex  Week1_Exercises.elf  "Week1_Exercises.hex"
arm-none-eabi-objcopy  -O binary  Week1_Exercises.elf  "Week1_Exercises.bin"
   text	   data	    bss	    dec	    hex	filename
   4732	     20	   1572	   6324	   18b4	Week1_Exercises.elf
Finished building: default.size.stdout
 
Finished building: Week1_Exercises.bin
Finished building: Week1_Exercises.hex
 
 
Finished building: Week1_Exercises.list
 

15:53:26 Build Finished. 0 errors, 0 warnings. (took 753ms)

